
> sites-project@0.2.0 build:mobile
> vite build --config vite.mobile.config.ts && node scripts/verify-mobile-assets.mjs

vite v8.0.13 building client environment for production...
[2K
transforming...✓ 2071 modules transformed.
rendering chunks...
computing gzip size...
mobile-dist/index.html                          0.42 kB │ gzip:   0.30 kB
mobile-dist/assets/page-DOeI38q3.css            2.69 kB │ gzip:   1.02 kB
mobile-dist/assets/page-CFs7LMlZ.css            6.28 kB │ gzip:   1.90 kB
mobile-dist/assets/page-Dq4JE098.css           23.87 kB │ gzip:   5.67 kB
mobile-dist/assets/index-CnayCaG-.css         227.38 kB │ gzip:  40.26 kB
mobile-dist/assets/chevron-right-BVzWcxIH.js    0.23 kB │ gzip:   0.19 kB
mobile-dist/assets/web-rPkJ_wCL.js              0.36 kB │ gzip:   0.25 kB
mobile-dist/assets/page-BawlBauW.js             3.69 kB │ gzip:   1.73 kB
mobile-dist/assets/web-n2fiqLk2.js              8.45 kB │ gzip:   2.82 kB
mobile-dist/assets/page-DeZxNw8C.js            13.11 kB │ gzip:   4.93 kB
mobile-dist/assets/page-DWfaWt4c.js            15.57 kB │ gzip:   4.40 kB
mobile-dist/assets/index-FHDr3rxb.js          678.68 kB │ gzip: 223.20 kB

[PLUGIN_TIMINGS] Your build spent significant time in plugins. Here is a breakdown:
  - vite:css (48%)
  - vite:prepare-out-dir (24%)
See https://rolldown.rs/options/checks#plugintimings for more details.

[plugin builtin:vite-reporter] 
(!) Some chunks are larger than 500 kB after minification. Consider:
- Using dynamic import() to code-split the application
- Use build.rolldownOptions.output.codeSplitting to improve chunking: https://rolldown.rs/reference/OutputOptions.codeSplitting
- Adjust chunk size limit for this warning via build.chunkSizeWarningLimit.
✓ built in 3.59s
Mobile output verified: Cristal precedence, 10 backgrounds, five ingest gestures, four selected cosmic structures and chosen Respira pause.
