vite v8.0.13 building client environment for production...
[2K
transforming...✓ 2040 modules transformed.
rendering chunks...
computing gzip size...
artifact/camera-preview-2026-09-19/index.html                          0.42 kB │ gzip:   0.30 kB
artifact/camera-preview-2026-09-19/assets/page-DOeI38q3.css            2.69 kB │ gzip:   1.02 kB
artifact/camera-preview-2026-09-19/assets/page-CFs7LMlZ.css            6.28 kB │ gzip:   1.90 kB
artifact/camera-preview-2026-09-19/assets/page-Dq4JE098.css           23.87 kB │ gzip:   5.67 kB
artifact/camera-preview-2026-09-19/assets/index-S1wvHFQ7.css         189.90 kB │ gzip:  32.61 kB
artifact/camera-preview-2026-09-19/assets/chevron-right-CG561vwI.js    0.23 kB │ gzip:   0.19 kB
artifact/camera-preview-2026-09-19/assets/web-f6E3eEnh.js              0.36 kB │ gzip:   0.25 kB
artifact/camera-preview-2026-09-19/assets/page-C-eLbQl9.js             3.61 kB │ gzip:   1.70 kB
artifact/camera-preview-2026-09-19/assets/web-Bf4iwBi7.js              8.45 kB │ gzip:   2.82 kB
artifact/camera-preview-2026-09-19/assets/page-D8HZ3EbA.js            12.83 kB │ gzip:   4.87 kB
artifact/camera-preview-2026-09-19/assets/page-CCSfiluI.js            15.02 kB │ gzip:   4.30 kB
artifact/camera-preview-2026-09-19/assets/index-mL4Ub6df.js          538.37 kB │ gzip: 174.59 kB

✓ built in 1.24s
[plugin builtin:vite-reporter] 
(!) Some chunks are larger than 500 kB after minification. Consider:
- Using dynamic import() to code-split the application
- Use build.rolldownOptions.output.codeSplitting to improve chunking: https://rolldown.rs/reference/OutputOptions.codeSplitting
- Adjust chunk size limit for this warning via build.chunkSizeWarningLimit.
