
> sites-project@0.2.0 build:mobile
> vite build --config vite.mobile.config.ts && node scripts/verify-mobile-assets.mjs

vite v8.0.13 building client environment for production...
[2K
transforming...✓ 2076 modules transformed.
rendering chunks...
computing gzip size...
mobile-dist/index.html                          0.42 kB │ gzip:   0.30 kB
mobile-dist/assets/page-DOeI38q3.css            2.69 kB │ gzip:   1.02 kB
mobile-dist/assets/page-CFs7LMlZ.css            6.28 kB │ gzip:   1.90 kB
mobile-dist/assets/page-Dq4JE098.css           23.87 kB │ gzip:   5.67 kB
mobile-dist/assets/index-BkEkZKWW.css         239.44 kB │ gzip:  42.39 kB
mobile-dist/assets/chevron-right-B8ZfzGwj.js    0.23 kB │ gzip:   0.19 kB
mobile-dist/assets/web-DKDgykfF.js              0.36 kB │ gzip:   0.24 kB
mobile-dist/assets/page-DYm4lJGf.js             3.69 kB │ gzip:   1.73 kB
mobile-dist/assets/web-BxKqeDgZ.js              8.45 kB │ gzip:   2.82 kB
mobile-dist/assets/page-CRG9TmhW.js            13.11 kB │ gzip:   4.93 kB
mobile-dist/assets/page-Dip06EkE.js            15.57 kB │ gzip:   4.40 kB
mobile-dist/assets/index-LfQTvVPx.js          698.20 kB │ gzip: 230.56 kB

✓ built in 3.68s
Mobile output verified: Cristal precedence, 10 backgrounds, five ingest gestures, four selected cosmic structures and chosen Respira pause.
