
> sites-project@0.2.0 build:mobile
> vite build --config vite.mobile.config.ts && node scripts/verify-mobile-assets.mjs

vite v8.0.13 building client environment for production...
[2K
transforming...✓ 2071 modules transformed.
rendering chunks...
computing gzip size...
mobile-dist/index.html                          0.42 kB │ gzip:   0.30 kB
mobile-dist/assets/page-DOeI38q3.css            2.69 kB │ gzip:   1.02 kB
mobile-dist/assets/page-CFs7LMlZ.css            6.28 kB │ gzip:   1.90 kB
mobile-dist/assets/page-Dq4JE098.css           23.87 kB │ gzip:   5.67 kB
mobile-dist/assets/index-CnayCaG-.css         227.38 kB │ gzip:  40.26 kB
mobile-dist/assets/chevron-right-BZIMkExv.js    0.23 kB │ gzip:   0.19 kB
mobile-dist/assets/web-DOzL9Mjj.js              0.36 kB │ gzip:   0.24 kB
mobile-dist/assets/page-Dm0B-dlA.js             3.69 kB │ gzip:   1.73 kB
mobile-dist/assets/web-BV5GydUx.js              8.45 kB │ gzip:   2.82 kB
mobile-dist/assets/page-AKidhAhy.js            13.11 kB │ gzip:   4.93 kB
mobile-dist/assets/page-DjsDr3Yr.js            15.57 kB │ gzip:   4.40 kB
mobile-dist/assets/index-BLKkJdpb.js          679.39 kB │ gzip: 223.43 kB

✓ built in 2.96s
[plugin builtin:vite-reporter] 
(!) Some chunks are larger than 500 kB after minification. Consider:
- Using dynamic import() to code-split the application
- Use build.rolldownOptions.output.codeSplitting to improve chunking: https://rolldown.rs/reference/OutputOptions.codeSplitting
- Adjust chunk size limit for this warning via build.chunkSizeWarningLimit.
Mobile output verified: Cristal precedence, 10 backgrounds, five ingest gestures, four selected cosmic structures and chosen Respira pause.
