
> sites-project@0.2.0 build:mobile
> vite build --config vite.mobile.config.ts && node scripts/verify-mobile-assets.mjs

vite v8.0.13 building client environment for production...
[2K
transforming...✓ 2075 modules transformed.
rendering chunks...
computing gzip size...
mobile-dist/index.html                          0.42 kB │ gzip:   0.29 kB
mobile-dist/assets/page-DOeI38q3.css            2.69 kB │ gzip:   1.02 kB
mobile-dist/assets/page-CFs7LMlZ.css            6.28 kB │ gzip:   1.90 kB
mobile-dist/assets/page-Dq4JE098.css           23.87 kB │ gzip:   5.67 kB
mobile-dist/assets/index-BzaVu239.css         233.43 kB │ gzip:  41.69 kB
mobile-dist/assets/chevron-right-pxjcUW8u.js    0.23 kB │ gzip:   0.19 kB
mobile-dist/assets/web-Ful9JdQ0.js              0.36 kB │ gzip:   0.24 kB
mobile-dist/assets/page-CN6dUBp9.js             3.69 kB │ gzip:   1.73 kB
mobile-dist/assets/web-Cuiz9mUZ.js              8.45 kB │ gzip:   2.82 kB
mobile-dist/assets/page-DQ3d_dyK.js            13.11 kB │ gzip:   4.92 kB
mobile-dist/assets/page-B4BQjXry.js            15.57 kB │ gzip:   4.40 kB
mobile-dist/assets/index-Br6lAhjP.js          689.09 kB │ gzip: 227.52 kB

✓ built in 3.22s
Mobile output verified: Cristal precedence, 10 backgrounds, five ingest gestures, four selected cosmic structures and chosen Respira pause.
